MPLINK 4.37, Linker
Linker Map File - Created Tue Dec 13 13:11:50 2016

                                 Section Info
                  Section       Type    Address   Location Size(Bytes)
                ---------  ---------  ---------  ---------  ---------
                   .org_0       code   0x000000    program   0x00003a
                   .cinit    romdata   0x00003a    program   0x000002
    .config_01FFF8_MAIN.O    romdata   0x01fff8    program   0x000001
    .config_01FFFA_MAIN.O    romdata   0x01fffa    program   0x000001



                              Program Memory Usage 
                               Start         End      
                           ---------   ---------      
                            0x000000    0x00003b      
                            0x01fff8    0x01fff8      
                            0x01fffa    0x01fffa      
            62 out of 131072 program addresses used, program memory utilization is 0%



                              Symbols - Sorted by Name
                     Name    Address   Location    Storage File                     
                ---------  ---------  ---------  --------- ---------                
                    BUCLE   0x000022    program     static D:\MPLABProyects\Practicas_curso_basico\4_usodelADC\main.asm
                   ESPERA   0x000024    program     static D:\MPLABProyects\Practicas_curso_basico\4_usodelADC\main.asm
                   INICIO   0x000000    program     static D:\MPLABProyects\Practicas_curso_basico\4_usodelADC\main.asm



                              Symbols - Sorted by Address
                     Name    Address   Location    Storage File                     
                ---------  ---------  ---------  --------- ---------                
                   INICIO   0x000000    program     static D:\MPLABProyects\Practicas_curso_basico\4_usodelADC\main.asm
                    BUCLE   0x000022    program     static D:\MPLABProyects\Practicas_curso_basico\4_usodelADC\main.asm
                   ESPERA   0x000024    program     static D:\MPLABProyects\Practicas_curso_basico\4_usodelADC\main.asm


